// Vitest Snapshot v1, https://vitest.dev/guide/snapshot.html

exports[`remarkMergeData > global data doesn't get polluted by merges 1`] = `
"\`\`\`json
{
  "pollution1": true
}
\`\`\`
"
`;

exports[`remarkMergeData > looks for an exact match of the meta data 1`] = `
"\`\`\`json type=match foo=bar
{
  "sharedProp": true
}
\`\`\`
"
`;

exports[`remarkMergeData > merges JSON deeply correctly 1`] = `
"\`\`\`json
{
  "globalRootProp": true,
  "nested": {
    "globalProperty": "global",
    "globalArray": [
      0
    ],
    "overwrittenArray": [
      0,
      1,
      2
    ],
    "localProperty": 123
  },
  "localRootProp": "bar"
}
\`\`\`
"
`;

exports[`remarkMergeData > merges YAML deeply correctly 1`] = `
"\`\`\`yaml
globalRootProp: true
nested:
  globalProperty: global
  globalArray:
    - 0
  overwrittenArray:
    - 0
    - 1
    - 2
  localProperty: 123
localRootProp: bar

\`\`\`
"
`;

exports[`remarkMergeData > merges the readme example correctly 1`] = `
"\`\`\`some-language
{
  "foo": "bar",
  "localProp": true
}
\`\`\`

\`\`\`some-other-language
{
  "foo": "baz",
  "localProp": true
}
\`\`\`
"
`;
